EN adder_4bit NULL E:/DATA/learn_fpga/ALU_8bit/adder_4bit.vhd sub00/vhpl07 1620971387
AR compare_1bit behavioral E:/DATA/learn_fpga/ALU_8bit/compare_1bit.vhd sub00/vhpl10 1620971390
AR compare_8bit behavioral E:/DATA/learn_fpga/ALU_8bit/compare_8bit.vhd sub00/vhpl16 1620971400
EN compare_8bit NULL E:/DATA/learn_fpga/ALU_8bit/compare_8bit.vhd sub00/vhpl15 1620971399
AR adder_4bit behavioral E:/DATA/learn_fpga/ALU_8bit/adder_4bit.vhd sub00/vhpl08 1620971388
EN subtract_8high NULL E:/DATA/learn_fpga/ALU_8bit/subtract_8high.vhd sub00/vhpl02 1620927215
AR subtract_8high behavioral E:/DATA/learn_fpga/ALU_8bit/subtract_8high.vhd sub00/vhpl03 1620927216
AR bocong_8high behavioral E:/DATA/learn_fpga/ALU_8bit/bocong_8high.vhd sub00/vhpl05 1620927212
EN multiplier_4bit NULL E:/DATA/learn_fpga/ALU_8bit/multiplier_4bit.vhd sub00/vhpl11 1620971391
AR adder_8bit behavioral E:/DATA/learn_fpga/ALU_8bit/adder_8bit.vhd sub00/vhpl23 1620971394
AR alu_8bit behavioral E:/DATA/learn_fpga/ALU_8bit/ALU_8bit.vhd sub00/vhpl24 1620971404
AR subtract_8bit behavioral E:/DATA/learn_fpga/ALU_8bit/subtract_8bit.vhd sub00/vhpl21 1620971398
AR multiplier_4bit behavioral E:/DATA/learn_fpga/ALU_8bit/multiplier_4bit.vhd sub00/vhpl12 1620971392
EN compare_4bit NULL E:/DATA/learn_fpga/ALU_8bit/compare_4bit.vhd sub00/vhpl13 1620971395
EN compare_1bit NULL E:/DATA/learn_fpga/ALU_8bit/compare_1bit.vhd sub00/vhpl09 1620971389
EN subtract_8bit NULL E:/DATA/learn_fpga/ALU_8bit/subtract_8bit.vhd sub00/vhpl20 1620971397
EN adder_8bit NULL E:/DATA/learn_fpga/ALU_8bit/adder_8bit.vhd sub00/vhpl22 1620971393
EN full_adder NULL E:/DATA/learn_fpga/ALU_8bit/full_adder.vhd sub00/vhpl00 1620971385
AR multiplier_8bit behavioral E:/DATA/learn_fpga/ALU_8bit/multiplier_8bit.vhd sub00/vhpl18 1620971402
EN bocong_8high NULL E:/DATA/learn_fpga/ALU_8bit/bocong_8high.vhd sub00/vhpl04 1620927211
EN alu_8bit NULL E:/DATA/learn_fpga/ALU_8bit/ALU_8bit.vhd sub00/vhpl19 1620971403
AR full_adder behavioral E:/DATA/learn_fpga/ALU_8bit/full_adder.vhd sub00/vhpl01 1620971386
EN multiplier_8bit NULL E:/DATA/learn_fpga/ALU_8bit/multiplier_8bit.vhd sub00/vhpl17 1620971401
AR compare_4bit behavioral E:/DATA/learn_fpga/ALU_8bit/compare_4bit.vhd sub00/vhpl14 1620971396
EN alu_8high NULL E:/DATA/learn_fpga/ALU_8bit/ALU_8high.vhd sub00/vhpl06 1620925530
